e:\updating_program\701n_new_version\dll\vc\1. continuous sampling\1. continuous sampling\x64\debug\vc141.pdb
e:\updating_program\701n_new_version\dll\vc\1. continuous sampling\1. continuous sampling\x64\debug\vc141.idb
e:\updating_program\701n_new_version\dll\vc\1. continuous sampling\1. continuous sampling\x64\debug\stdafx.obj
e:\updating_program\701n_new_version\dll\vc\1. continuous sampling\1. continuous sampling\x64\debug\1. continuous sampling.obj
e:\updating_program\701n_new_version\dll\vc\1. continuous sampling\x64\debug\1. continuous sampling.pdb
e:\updating_program\701n_new_version\dll\vc\1. continuous sampling\1. continuous sampling\x64\debug\1. conti.50134e07.tlog\cl.command.1.tlog
e:\updating_program\701n_new_version\dll\vc\1. continuous sampling\1. continuous sampling\x64\debug\1. conti.50134e07.tlog\cl.read.1.tlog
e:\updating_program\701n_new_version\dll\vc\1. continuous sampling\1. continuous sampling\x64\debug\1. conti.50134e07.tlog\cl.write.1.tlog
e:\updating_program\701n_new_version\dll\vc\1. continuous sampling\1. continuous sampling\x64\debug\1. conti.50134e07.tlog\link-cvtres.read.1.tlog
e:\updating_program\701n_new_version\dll\vc\1. continuous sampling\1. continuous sampling\x64\debug\1. conti.50134e07.tlog\link-cvtres.write.1.tlog
e:\updating_program\701n_new_version\dll\vc\1. continuous sampling\1. continuous sampling\x64\debug\1. conti.50134e07.tlog\link-rc.read.1.tlog
e:\updating_program\701n_new_version\dll\vc\1. continuous sampling\1. continuous sampling\x64\debug\1. conti.50134e07.tlog\link-rc.write.1.tlog
e:\updating_program\701n_new_version\dll\vc\1. continuous sampling\1. continuous sampling\x64\debug\1. conti.50134e07.tlog\link.21912-cvtres.read.1.tlog
e:\updating_program\701n_new_version\dll\vc\1. continuous sampling\1. continuous sampling\x64\debug\1. conti.50134e07.tlog\link.21912-cvtres.write.1.tlog
e:\updating_program\701n_new_version\dll\vc\1. continuous sampling\1. continuous sampling\x64\debug\1. conti.50134e07.tlog\link.21912-rc.read.1.tlog
e:\updating_program\701n_new_version\dll\vc\1. continuous sampling\1. continuous sampling\x64\debug\1. conti.50134e07.tlog\link.21912-rc.write.1.tlog
e:\updating_program\701n_new_version\dll\vc\1. continuous sampling\1. continuous sampling\x64\debug\1. conti.50134e07.tlog\link.21912.read.1.tlog
e:\updating_program\701n_new_version\dll\vc\1. continuous sampling\1. continuous sampling\x64\debug\1. conti.50134e07.tlog\link.21912.write.1.tlog
e:\updating_program\701n_new_version\dll\vc\1. continuous sampling\1. continuous sampling\x64\debug\1. conti.50134e07.tlog\link.command.1.tlog
e:\updating_program\701n_new_version\dll\vc\1. continuous sampling\1. continuous sampling\x64\debug\1. conti.50134e07.tlog\link.read.1.tlog
e:\updating_program\701n_new_version\dll\vc\1. continuous sampling\1. continuous sampling\x64\debug\1. conti.50134e07.tlog\link.write.1.tlog
